R1
	Router>enable
	Router#conf t
	Enter configuration commands, one per line.  End with CNTL/Z.
	Router(config)#hostname R1
	R1(config)#enable secret class
	R1(config)#interface Fa0/1
	R1(config-if)#ip address 192.15.1.1 255.255.255.0
	R1(config-if)#no shutdown

	R1(config-if)#
	%LINK-5-CHANGED: Interface FastEthernet0/1, changed state to up

	%LINEPROTO-5-UPDOWN: Line protocol on Interface FastEthernet0/1, changed state to up

	R1(config-if)#exit
	R1(config)#security passwords min-length 10
	R1(config)#line con 0
	R1(config-line)#logging synchronous
	R1(config-line)#password cisco2038820
	R1(config-line)#login
	R1(config-line)#exit
	R1(config)#line vty 0 4
	R1(config-line)#password cisco12345
	R1(config-line)#login
	R1(config-line)#exit
	R1(config)#
	R1(config)#interface serial 0/0/0
	R1(config-if)#ip address 10.1.1.1 255.255.255.252
	R1(config-if)#no shutdown

	R1(config-if)#
	%LINK-5-CHANGED: Interface Serial0/0/0, changed state to up

	R1(config-if)#
	%LINEPROTO-5-UPDOWN: Line protocol on Interface Serial0/0/0, changed state to up

	R1(config-if)#exit
	R1(config)#banner motd 
	% Incomplete command.
	R1(config)#banner motd %	
	Enter TEXT message.  End with the character '%'.
	Unauthorized access strictly prohibited, violators will be prosecuted to the full extent of the law. %

	R1(config)#

R2

	R2>enable
	R2#conf t
	Enter configuration commands, one per line.  End with CNTL/Z.
	R2(config)#interface Fa0/1
	R2(config-if)#ip address 10.3.3.1 255.255.255.252
	R2(config-if)#no shutdown

	R2(config-if)#
	%LINK-5-CHANGED: Interface FastEthernet0/1, changed state to up

	R2#
	%SYS-5-CONFIG_I: Configured from console by console

	%LINEPROTO-5-UPDOWN: Line protocol on Interface FastEthernet0/1, changed state to up
	%IP-4-DUPADDR: Duplicate address 10.3.3.1 on FastEthernet0/1, sourced by 00D0.9763.2602
	%IP-4-DUPADDR: Duplicate address 10.3.3.1 on FastEthernet0/1, sourced by 00D0.9763.2602

	R2>
	R2>en
	R2#conf t
	Enter configuration commands, one per line.  End with CNTL/Z.
	R2(config)#security passwords min-length 10
	R2(config)#line con 0
	R2(config-line)#logging synchronous
	R2(config-line)#password cisco2038820
	R2(config-line)#login
	R2(config-line)#exit
	R2(config)#line vty 0 4
	R2(config-line)#password cisco12345
	R2(config-line)#login
	R2(config-line)#exit
	R2(config)#
	R2(config)#interface serial 0/0/1
	R2(config-if)#ip address 10.2.2.1 255.255.255.252
	R2(config-if)#no shutdown

	%LINK-5-CHANGED: Interface Serial0/0/1, changed state to down
	R2(config-if)#exit
	%LINK-5-CHANGED: Interface Serial0/0/1, changed state to up

	%LINEPROTO-5-UPDOWN: Line protocol on Interface Serial0/0/1, changed state to up
	
	R2(config-if)#exit
	
R3
	Router>enable
	Router#conf t
	Enter configuration commands, one per line.  End with CNTL/Z.
	Router(config)#hostname R3
	R3(config)#no ip domain-lookup
	R3(config)#enable secret class
	R3(config)#interface Fa0/1
	R3(config-if)#ip address 192.X.2.1 255.255.255.0
	R3(config-if)#no shutdown

	R3(config-if)#
	%LINK-5-CHANGED: Interface FastEthernet0/1, changed state to up

	%LINEPROTO-5-UPDOWN: Line protocol on Interface FastEthernet0/1, changed state to up

	R3(config-if)#exit
	R3(config)#
	R3#configure terminal
	Enter configuration commands, one per line.  End with CNTL/Z.
	R3(config)#
	R3(config)#security passwords min-length 10
	R3(config)#line con 0
	R3(config-line)#logging synchronous
	R3(config-line)#password cisco2038820
	R3(config-line)#login
	R3(config-line)#exit
	R3(config)#line vty 0 4
	R3(config-line)#password cisco12345
	R3(config-line)#login
	R3(config-line)#exit
	R3(config)#


R4

Router>en
Router#conf t
Enter configuration commands, one per line.  End with CNTL/Z.
Router(config)#hostname R4
R4(config)#no ip domain-lookup
R4(config)#enable secret class
R4(config)#interface Fa0/1
R4(config-if)#ip address 192.X.3.1 255.255.255.0
R4(config-if)#no shutdown

R4(config-if)#
%LINK-5-CHANGED: Interface FastEthernet0/1, changed state to up

%LINEPROTO-5-UPDOWN: Line protocol on Interface FastEthernet0/1, changed state to up

R4(config-if)#exit
R4(config)#
R4(config)#security passwords min-length 10
R4(config)#line con 0
R4(config-line)#logging synchronous
R4(config-line)#password cisco2038820
R4(config-line)#login
R4(config-line)#exit
R4(config)#line vty 0 4
R4(config-line)#password cisco12345
R4(config-line)#login
R4(config-line)#exit
R4(config)#

R5
Router>en
Router#conf t
Enter configuration commands, one per line.  End with CNTL/Z.
Router(config)#hostname R5
R5(config)#
R5(config)#security passwords min-length 10
R5(config)#line con 0
R5(config-line)#logging synchronous
R5(config-line)#password cisco2038820
R5(config-line)#login
R5(config-line)#exit
R5(config)#line vty 0 4
R5(config-line)#password cisco12345
R5(config-line)#login
R5(config-line)#exit





R6

Router>en
Router#conf t
Enter configuration commands, one per line.  End with CNTL/Z.
Router(config)#hostname R6
R6(config)#no ip domain-lookup
R6(config)#enable secret class
R6(config)#interface Fa0/1
R6(config-if)#ip address 192.15.4.1 255.255.255.0
R6(config-if)#no shutdown

R6(config-if)#
%LINK-5-CHANGED: Interface FastEthernet0/1, changed state to up

%LINEPROTO-5-UPDOWN: Line protocol on Interface FastEthernet0/1, changed state to up

R6(config-if)#exit
R6(config)#
R6(config)#
R6(config)#security passwords min-length 10
R6(config)#line con 0
R6(config-line)#logging synchronous
R6(config-line)#password cisco2038820
R6(config-line)#login
R6(config-line)#exit
R6(config)#line vty 0 4
R6(config-line)#password cisco12345
R6(config-line)#login
R6(config-line)#exit


